exports[`test renders correctly 1`] = `
<View
  accessibilityComponentType={undefined}
  accessibilityLabel={undefined}
  accessibilityTraits={undefined}
  accessible={true}
  hitSlop={undefined}
  onLayout={undefined}
  onResponderGrant={[Function bound touchableHandleResponderGrant]}
  onResponderMove={[Function bound touchableHandleResponderMove]}
  onResponderRelease={[Function bound touchableHandleResponderRelease]}
  onResponderTerminate={[Function bound touchableHandleResponderTerminate]}
  onResponderTerminationRequest={[Function bound touchableHandleResponderTerminationRequest]}
  onStartShouldSetResponder={[Function bound touchableHandleStartShouldSetResponder]}
  style={
    Array [
      Object {
        "backgroundColor": "transparent"
      },
      Object {
        "position": "absolute",
        "right": 16,
        "top": 16
      }
    ]
  }
  testID={undefined}>
  <Image
    source={
      Object {
        "__packager_asset": true,
        "deprecated": true,
        "height": 100,
        "path": "/full/path/to/something.png",
        "uri": "icon",
        "width": 100
      }
    }
    style={
      Object {
        "tintColor": "#ffffff"
      }
    } />
</View>
`;
